emz80onr2k                      = $FC00 ; addr, local, , cpu, , cpu.asm:2
codestpy0                       = $FEBC ; addr, local, , cpu, , cpu.asm:385
emz80onr2k_opc_cb               = $FC87 ; addr, local, , cpu, , cpu.asm:76
emz80onr2k_opc_dd               = $FC8F ; addr, local, , cpu, , cpu.asm:82
emz80onr2k_opc_fd               = $FCAE ; addr, local, , cpu, , cpu.asm:97
emz80onr2k_opc_e9               = $FC4B ; addr, local, , cpu, , cpu.asm:39
emz80onr2k_opc_ed               = $FC65 ; addr, local, , cpu, , cpu.asm:54
emz80onr2k_opc_hlt              = $FC5A ; addr, local, , cpu, , cpu.asm:46
emz80onr2k_opc_00_3f            = $FE1D ; addr, local, , cpu, , cpu.asm:301
emz80onr2k_opc_c0_ff            = $FD39 ; addr, local, , cpu, , cpu.asm:181
codestpx0                       = $FE9C ; addr, local, , cpu, , cpu.asm:373
context                         = $FF56 ; addr, local, , cpu, , cpu.asm:465
emz80onr2k_opc_thunk_hl         = $FC64 ; addr, local, , cpu, , cpu.asm:51
emz80onr2k_opc_ed_addr          = $FC7A ; addr, local, , cpu, , cpu.asm:66
emz80onr2k_opc_dd_e9            = $FC9B ; addr, local, , cpu, , cpu.asm:89
emz80onr2k_opc_xxyy             = $FCCD ; addr, local, , cpu, , cpu.asm:113
jp4hlpcreg                      = $FF34 ; addr, local, , cpu, , cpu.asm:450
emz80onr2k_opc_fd_e9            = $FCBA ; addr, local, , cpu, , cpu.asm:104
emz80onr2k_opc_xxyy_cb          = $FD18 ; addr, local, , cpu, , cpu.asm:156
emz80onr2k_opc_xxyy_1           = $FD03 ; addr, local, , cpu, , cpu.asm:142
emz80onr2k_opc_xxyy_2           = $FD0B ; addr, local, , cpu, , cpu.asm:147
emz80onr2k_opc_xxyy_lp          = $FD25 ; addr, local, , cpu, , cpu.asm:165
emz80onr2k_opc_xxyy_lp_2        = $FD28 ; addr, local, , cpu, , cpu.asm:167
emz80onr2k_opc_xxyy_oplongsx_1  = $FD31 ; addr, local, , cpu, , cpu.asm:174
emz80onr2k_opc_xxyy_oplongsx_2  = $FD35 ; addr, local, , cpu, , cpu.asm:177
emz80onr2k_opc_c0_ff_gen_jp     = $FDDE ; addr, local, , cpu, , cpu.asm:267
emz80onr2k_opc_c0_ff_gen_ret    = $FDCF ; addr, local, , cpu, , cpu.asm:260
emz80onr2k_opc_c0_ff_gen_call   = $FDF7 ; addr, local, , cpu, , cpu.asm:280
emz80onr2k_opc_c0_ff_gen_exsphl = $FE10 ; addr, local, , cpu, , cpu.asm:294
emz80onr2k_opc_c0_ff_gen_ret_cond = $FD68 ; addr, local, , cpu, , cpu.asm:205
emz80onr2k_opc_c0_ff_gen_jp_cond = $FD7B ; addr, local, , cpu, , cpu.asm:215
emz80onr2k_opc_c0_ff_gen_call_cond = $FD98 ; addr, local, , cpu, , cpu.asm:231
emz80onr2k_opc_c0_ff_gen_rst    = $FDB5 ; addr, local, , cpu, , cpu.asm:247
ret4hlpcreg                     = $FF41 ; addr, local, , cpu, , cpu.asm:456
call4hlpcreg                    = $FF2C ; addr, local, , cpu, , cpu.asm:446
emz80onr2k_opc_jrtranslatex     = $FE4E ; addr, local, , cpu, , cpu.asm:330
emz80onr2k_opc_00_3f_oplongsx_2 = $FE4A ; addr, local, , cpu, , cpu.asm:327
emz80onr2k_opc_00_3f_oplongsx_1 = $FE46 ; addr, local, , cpu, , cpu.asm:324
emz80onr2k_opc_00_3f_lp         = $FE3A ; addr, local, , cpu, , cpu.asm:315
emz80onr2k_opc_00_3f_lp_2       = $FE3D ; addr, local, , cpu, , cpu.asm:317
emz80onr2k_opc_jrtranslatex_gencond_20 = $FE86 ; addr, local, , cpu, , cpu.asm:360
emz80onr2k_opc_jrtranslatex_gencond_00 = $FE55 ; addr, local, , cpu, , cpu.asm:336
emz80onr2k_opc_jrtranslatex_gencond_00_djnz = $FE74 ; addr, local, , cpu, , cpu.asm:351
jr4hlpcreg                      = $FEF7 ; addr, local, , cpu, , cpu.asm:417
jr4hlpcreg_djnz                 = $FEE4 ; addr, local, , cpu, , cpu.asm:408
emz80onr2k_opc_jrtranslatex_gencond_common = $FE8A ; addr, local, , cpu, , cpu.asm:364
syscontext                      = $FF50 ; addr, local, , cpu, , cpu.asm:463
syscontext4stk                  = $FF56 ; addr, local, , cpu, , cpu.asm:464
codestpx1                       = $FEC2 ; addr, local, , cpu, , cpu.asm:394
codestpy1                       = $FEE4 ; addr, local, , cpu, , cpu.asm:406
jr4hlpcreg_sub                  = $FF0E ; addr, local, , cpu, , cpu.asm:428
__head                          = $FC00 ; const, public, def, , ,
__tail                          = $FF6A ; const, public, def, , ,
__size                          = $036A ; const, public, def, , ,
