emz80onr2k                      = $FC00 ; addr, local, , cpu, , cpu.asm:2
codestpy0                       = $FEDE ; addr, local, , cpu, , cpu.asm:404
emz80onr2k_prefixed_rest        = $FC05 ; addr, local, , cpu, , cpu.asm:5
emz80onr2k_opc_cb               = $FCA8 ; addr, local, , cpu, , cpu.asm:93
emz80onr2k_opc_dd               = $FCB0 ; addr, local, , cpu, , cpu.asm:99
emz80onr2k_opc_fd               = $FCCF ; addr, local, , cpu, , cpu.asm:114
emz80onr2k_opc_e9               = $FC6C ; addr, local, , cpu, , cpu.asm:56
emz80onr2k_opc_ed               = $FC86 ; addr, local, , cpu, , cpu.asm:71
emz80onr2k_opc_hlt              = $FC7B ; addr, local, , cpu, , cpu.asm:63
emz80onr2k_opc_ioi              = $FC5A ; addr, local, , cpu, , cpu.asm:45
emz80onr2k_opc_ioe              = $FC63 ; addr, local, , cpu, , cpu.asm:50
emz80onr2k_opc_00_3f            = $FE3D ; addr, local, , cpu, , cpu.asm:316
emz80onr2k_opc_c0_ff            = $FD59 ; addr, local, , cpu, , cpu.asm:196
codestpx0                       = $FEBD ; addr, local, , cpu, , cpu.asm:389
context                         = $FF78 ; addr, local, , cpu, , cpu.asm:484
emz80onr2k_opc_thunk_hl         = $FC85 ; addr, local, , cpu, , cpu.asm:68
emz80onr2k_opc_ed_addr          = $FC9B ; addr, local, , cpu, , cpu.asm:83
emz80onr2k_opc_dd_e9            = $FCBC ; addr, local, , cpu, , cpu.asm:106
emz80onr2k_opc_xxyy             = $FCEE ; addr, local, , cpu, , cpu.asm:130
jp4hlpcreg                      = $FF56 ; addr, local, , cpu, , cpu.asm:469
emz80onr2k_opc_fd_e9            = $FCDB ; addr, local, , cpu, , cpu.asm:121
emz80onr2k_opc_xxyy_cb          = $FD38 ; addr, local, , cpu, , cpu.asm:171
emz80onr2k_opc_xxyy_1           = $FD30 ; addr, local, , cpu, , cpu.asm:165
emz80onr2k_opc_xxyy_2           = $FD38 ; addr, local, , cpu, , cpu.asm:170
emz80onr2k_opc_xxyy_lp          = $FD45 ; addr, local, , cpu, , cpu.asm:180
emz80onr2k_opc_xxyy_lp_2        = $FD48 ; addr, local, , cpu, , cpu.asm:182
emz80onr2k_opc_xxyy_oplongsx_1  = $FD51 ; addr, local, , cpu, , cpu.asm:189
emz80onr2k_opc_xxyy_oplongsx_2  = $FD55 ; addr, local, , cpu, , cpu.asm:192
emz80onr2k_opc_c0_ff_gen_jp     = $FDFE ; addr, local, , cpu, , cpu.asm:282
emz80onr2k_opc_c0_ff_gen_ret    = $FDEF ; addr, local, , cpu, , cpu.asm:275
emz80onr2k_opc_c0_ff_gen_call   = $FE17 ; addr, local, , cpu, , cpu.asm:295
emz80onr2k_opc_c0_ff_gen_exsphl = $FE30 ; addr, local, , cpu, , cpu.asm:309
emz80onr2k_opc_c0_ff_gen_ret_cond = $FD88 ; addr, local, , cpu, , cpu.asm:220
emz80onr2k_opc_c0_ff_gen_jp_cond = $FD9B ; addr, local, , cpu, , cpu.asm:230
emz80onr2k_opc_c0_ff_gen_call_cond = $FDB8 ; addr, local, , cpu, , cpu.asm:246
emz80onr2k_opc_c0_ff_gen_rst    = $FDD5 ; addr, local, , cpu, , cpu.asm:262
ret4hlpcreg                     = $FF63 ; addr, local, , cpu, , cpu.asm:475
call4hlpcreg                    = $FF4E ; addr, local, , cpu, , cpu.asm:465
emz80onr2k_opc_jrtranslatex     = $FE6F ; addr, local, , cpu, , cpu.asm:346
emz80onr2k_opc_00_3f_oplongsx_2 = $FE6B ; addr, local, , cpu, , cpu.asm:343
emz80onr2k_opc_00_3f_oplongsx_1 = $FE67 ; addr, local, , cpu, , cpu.asm:340
emz80onr2k_opc_00_3f_lp         = $FE5A ; addr, local, , cpu, , cpu.asm:330
emz80onr2k_opc_00_3f_lp_2       = $FE5E ; addr, local, , cpu, , cpu.asm:333
emz80onr2k_opc_jrtranslatex_gencond_20 = $FEA7 ; addr, local, , cpu, , cpu.asm:376
emz80onr2k_opc_jrtranslatex_gencond_00 = $FE76 ; addr, local, , cpu, , cpu.asm:352
emz80onr2k_opc_jrtranslatex_gencond_00_djnz = $FE95 ; addr, local, , cpu, , cpu.asm:367
jr4hlpcreg                      = $FF19 ; addr, local, , cpu, , cpu.asm:436
jr4hlpcreg_djnz                 = $FF06 ; addr, local, , cpu, , cpu.asm:427
emz80onr2k_opc_jrtranslatex_gencond_common = $FEAB ; addr, local, , cpu, , cpu.asm:380
syscontext                      = $FF72 ; addr, local, , cpu, , cpu.asm:482
syscontext4stk                  = $FF78 ; addr, local, , cpu, , cpu.asm:483
codestpx1                       = $FEE4 ; addr, local, , cpu, , cpu.asm:413
codestpy1                       = $FF06 ; addr, local, , cpu, , cpu.asm:425
jr4hlpcreg_sub                  = $FF30 ; addr, local, , cpu, , cpu.asm:447
__head                          = $FC00 ; const, public, def, , ,
__tail                          = $FF8C ; const, public, def, , ,
__size                          = $038C ; const, public, def, , ,
