emz80onr2k                      = $FC00 ; addr, local, , cpu, , cpu.asm:2
codestpy0                       = $FEDD ; addr, local, , cpu, , cpu.asm:403
emz80onr2k_prefixed_rest        = $FC05 ; addr, local, , cpu, , cpu.asm:5
emz80onr2k_opc_cb               = $FCA8 ; addr, local, , cpu, , cpu.asm:93
emz80onr2k_opc_dd               = $FCB0 ; addr, local, , cpu, , cpu.asm:99
emz80onr2k_opc_fd               = $FCCF ; addr, local, , cpu, , cpu.asm:114
emz80onr2k_opc_e9               = $FC6C ; addr, local, , cpu, , cpu.asm:56
emz80onr2k_opc_ed               = $FC86 ; addr, local, , cpu, , cpu.asm:71
emz80onr2k_opc_hlt              = $FC7B ; addr, local, , cpu, , cpu.asm:63
emz80onr2k_opc_ioi              = $FC5A ; addr, local, , cpu, , cpu.asm:45
emz80onr2k_opc_ioe              = $FC63 ; addr, local, , cpu, , cpu.asm:50
emz80onr2k_opc_00_3f            = $FE3D ; addr, local, , cpu, , cpu.asm:316
emz80onr2k_opc_c0_ff            = $FD59 ; addr, local, , cpu, , cpu.asm:196
codestpx0                       = $FEBC ; addr, local, , cpu, , cpu.asm:388
context                         = $FF77 ; addr, local, , cpu, , cpu.asm:483
emz80onr2k_opc_thunk_hl         = $FC85 ; addr, local, , cpu, , cpu.asm:68
emz80onr2k_opc_ed_addr          = $FC9B ; addr, local, , cpu, , cpu.asm:83
emz80onr2k_opc_dd_e9            = $FCBC ; addr, local, , cpu, , cpu.asm:106
emz80onr2k_opc_xxyy             = $FCEE ; addr, local, , cpu, , cpu.asm:130
jp4hlpcreg                      = $FF55 ; addr, local, , cpu, , cpu.asm:468
emz80onr2k_opc_fd_e9            = $FCDB ; addr, local, , cpu, , cpu.asm:121
emz80onr2k_opc_xxyy_cb          = $FD38 ; addr, local, , cpu, , cpu.asm:171
emz80onr2k_opc_xxyy_1           = $FD30 ; addr, local, , cpu, , cpu.asm:165
emz80onr2k_opc_xxyy_2           = $FD38 ; addr, local, , cpu, , cpu.asm:170
emz80onr2k_opc_xxyy_lp          = $FD45 ; addr, local, , cpu, , cpu.asm:180
emz80onr2k_opc_xxyy_lp_2        = $FD48 ; addr, local, , cpu, , cpu.asm:182
emz80onr2k_opc_xxyy_oplongsx_1  = $FD51 ; addr, local, , cpu, , cpu.asm:189
emz80onr2k_opc_xxyy_oplongsx_2  = $FD55 ; addr, local, , cpu, , cpu.asm:192
emz80onr2k_opc_c0_ff_gen_jp     = $FDFE ; addr, local, , cpu, , cpu.asm:282
emz80onr2k_opc_c0_ff_gen_ret    = $FDEF ; addr, local, , cpu, , cpu.asm:275
emz80onr2k_opc_c0_ff_gen_call   = $FE17 ; addr, local, , cpu, , cpu.asm:295
emz80onr2k_opc_c0_ff_gen_exsphl = $FE30 ; addr, local, , cpu, , cpu.asm:309
emz80onr2k_opc_c0_ff_gen_ret_cond = $FD88 ; addr, local, , cpu, , cpu.asm:220
emz80onr2k_opc_c0_ff_gen_jp_cond = $FD9B ; addr, local, , cpu, , cpu.asm:230
emz80onr2k_opc_c0_ff_gen_call_cond = $FDB8 ; addr, local, , cpu, , cpu.asm:246
emz80onr2k_opc_c0_ff_gen_rst    = $FDD5 ; addr, local, , cpu, , cpu.asm:262
ret4hlpcreg                     = $FF62 ; addr, local, , cpu, , cpu.asm:474
call4hlpcreg                    = $FF4D ; addr, local, , cpu, , cpu.asm:464
emz80onr2k_opc_jrtranslatex     = $FE6E ; addr, local, , cpu, , cpu.asm:345
emz80onr2k_opc_00_3f_oplongsx_2 = $FE6A ; addr, local, , cpu, , cpu.asm:342
emz80onr2k_opc_00_3f_oplongsx_1 = $FE66 ; addr, local, , cpu, , cpu.asm:339
emz80onr2k_opc_00_3f_lp         = $FE5A ; addr, local, , cpu, , cpu.asm:330
emz80onr2k_opc_00_3f_lp_2       = $FE5D ; addr, local, , cpu, , cpu.asm:332
emz80onr2k_opc_jrtranslatex_gencond_20 = $FEA6 ; addr, local, , cpu, , cpu.asm:375
emz80onr2k_opc_jrtranslatex_gencond_00 = $FE75 ; addr, local, , cpu, , cpu.asm:351
emz80onr2k_opc_jrtranslatex_gencond_00_djnz = $FE94 ; addr, local, , cpu, , cpu.asm:366
jr4hlpcreg                      = $FF18 ; addr, local, , cpu, , cpu.asm:435
jr4hlpcreg_djnz                 = $FF05 ; addr, local, , cpu, , cpu.asm:426
emz80onr2k_opc_jrtranslatex_gencond_common = $FEAA ; addr, local, , cpu, , cpu.asm:379
syscontext                      = $FF71 ; addr, local, , cpu, , cpu.asm:481
syscontext4stk                  = $FF77 ; addr, local, , cpu, , cpu.asm:482
codestpx1                       = $FEE3 ; addr, local, , cpu, , cpu.asm:412
codestpy1                       = $FF05 ; addr, local, , cpu, , cpu.asm:424
jr4hlpcreg_sub                  = $FF2F ; addr, local, , cpu, , cpu.asm:446
__head                          = $FC00 ; const, public, def, , ,
__tail                          = $FF8B ; const, public, def, , ,
__size                          = $038B ; const, public, def, , ,
